# User config line 1/3
master: master.user.config1
# User config line 2/3
id: id.from.minion_id
# User config line 3/3
